         :: Oss Manager ::             lazy fox                (v1.3.0)

2025-04-05 12:34:11.086  INFO 8316 --- [           main] o.l.ossmanager.OssManagerApplication     : Starting OssManagerApplication using Java 21.0.2 on lazyfox-2465594872 with PID 8316 (D:\lazyfox-manager-1.1.4\boot\oss-manager-1.3.0.jar started by LAZYFOX-2465594$ in D:\lazyfox-manager-1.1.4\bin)
2025-04-05 12:34:11.095  INFO 8316 --- [           main] o.l.ossmanager.OssManagerApplication     : No active profile set, falling back to 1 default profile: "default"
2025-04-05 12:34:12.478  INFO 8316 --- [           main] o.s.b.w.embedded.tomcat.TomcatWebServer  : Tomcat initialized with port(s): 4122 (http)
2025-04-05 12:34:12.493  INFO 8316 --- [           main] o.apache.catalina.core.StandardService   : Starting service [Tomcat]
2025-04-05 12:34:12.494  INFO 8316 --- [           main] org.apache.catalina.core.StandardEngine  : Starting Servlet engine: [Apache Tomcat/9.0.68]
2025-04-05 12:34:12.680  INFO 8316 --- [           main] o.a.c.c.C.[Tomcat].[localhost].[/]       : Initializing Spring embedded WebApplicationContext
2025-04-05 12:34:12.680  INFO 8316 --- [           main] w.s.c.ServletWebServerApplicationContext : Root WebApplicationContext: initialization completed in 1534 ms
2025-04-05 12:34:15.449  INFO 8316 --- [           main] o.s.b.w.embedded.tomcat.TomcatWebServer  : Tomcat started on port(s): 4122 (http) with context path ''
2025-04-05 12:34:15.461  INFO 8316 --- [           main] o.l.ossmanager.OssManagerApplication     : Started OssManagerApplication in 4.844 seconds (JVM running for 5.429)
2025-04-05 14:23:47.787  INFO 8316 --- [nio-4122-exec-1] o.a.c.c.C.[Tomcat].[localhost].[/]       : Initializing Spring DispatcherServlet 'dispatcherServlet'
2025-04-05 14:23:47.788  INFO 8316 --- [nio-4122-exec-1] o.s.web.servlet.DispatcherServlet        : Initializing Servlet 'dispatcherServlet'
2025-04-05 14:23:47.793  INFO 8316 --- [nio-4122-exec-1] o.s.web.servlet.DispatcherServlet        : Completed initialization in 5 ms


     ****     ****           **           ****     **           **             ********        ********       ******* 
    /**/**   **/**          ****         /**/**   /**          ****           **//////**      /**/////       /**////**
    /**//** ** /**         **//**        /**//**  /**         **//**         **      //       /**            /**   /** 
    /** //***  /**        **  //**       /** //** /**        **  //**       /**               /*******       /*******  
    /**  //*   /**       **********      /**  //**/**       **********      /**    *****      /**////        /**///**  
    /**   /    /**      /**//////**      /**   //****      /**//////**      //**  ////**      /**            /**  //** 
    /**        /**      /**     /**      /**    //***      /**     /**       //********       /********      /**   //**
    //         //       //      //       //      ///       //      //         ////////        ////////       //     // 

         :: Oss Manager ::             lazy fox                (v1.3.0)
