
         :: Oss Manager ::             lazy fox                (v1.3.0)

2025-03-15 22:18:36.305  INFO 8512 --- [           main] o.l.ossmanager.OssManagerApplication     : Starting OssManagerApplication using Java 21.0.2 on lazyfox-2465594872 with PID 8512 (D:\lazyfox-manager-1.1.4\boot\oss-manager-1.3.0.jar started by LAZYFOX-2465594$ in D:\lazyfox-manager-1.1.4\bin)
2025-03-15 22:18:36.317  INFO 8512 --- [           main] o.l.ossmanager.OssManagerApplication     : No active profile set, falling back to 1 default profile: "default"
2025-03-15 22:18:38.805  INFO 8512 --- [           main] o.s.b.w.embedded.tomcat.TomcatWebServer  : Tomcat initialized with port(s): 4122 (http)
2025-03-15 22:18:38.868  INFO 8512 --- [           main] o.apache.catalina.core.StandardService   : Starting service [Tomcat]
2025-03-15 22:18:38.868  INFO 8512 --- [           main] org.apache.catalina.core.StandardEngine  : Starting Servlet engine: [Apache Tomcat/9.0.68]
2025-03-15 22:18:39.056  INFO 8512 --- [           main] o.a.c.c.C.[Tomcat].[localhost].[/]       : Initializing Spring embedded WebApplicationContext
2025-03-15 22:18:39.056  INFO 8512 --- [           main] w.s.c.ServletWebServerApplicationContext : Root WebApplicationContext: initialization completed in 2603 ms
2025-03-15 22:18:41.042  INFO 8512 --- [           main] o.s.b.w.embedded.tomcat.TomcatWebServer  : Tomcat started on port(s): 4122 (http) with context path ''
2025-03-15 22:18:41.061  INFO 8512 --- [           main] o.l.ossmanager.OssManagerApplication     : Started OssManagerApplication in 5.68 seconds (JVM running for 6.265)


     ****     ****           **           ****     **           **             ********        ********       ******* 
    /**/**   **/**          ****         /**/**   /**          ****           **//////**      /**/////       /**////**
    /**//** ** /**         **//**        /**//**  /**         **//**         **      //       /**            /**   /** 
    /** //***  /**        **  //**       /** //** /**        **  //**       /**               /*******       /*******  
    /**  //*   /**       **********      /**  //**/**       **********      /**    *****      /**////        /**///**  
    /**   /    /**      /**//////**      /**   //****      /**//////**      //**  ////**      /**            /**  //** 
    /**        /**      /**     /**      /**    //***      /**     /**       //********       /********      /**   //**
    //         //       //      //       //      ///       //      //         ////////        ////////       //     // 

         :: Oss Manager ::             lazy fox                (v1.3.0)

2025-03-30 14:20:32.791  INFO 9068 --- [           main] o.l.ossmanager.OssManagerApplication     : Starting OssManagerApplication using Java 21.0.2 on lazyfox-2465594872 with PID 9068 (D:\lazyfox-manager-1.1.4\boot\oss-manager-1.3.0.jar started by LAZYFOX-2465594$ in D:\lazyfox-manager-1.1.4\bin)
2025-03-30 14:20:32.807  INFO 9068 --- [           main] o.l.ossmanager.OssManagerApplication     : No active profile set, falling back to 1 default profile: "default"
