2025-03-30 20:35:40.026  INFO 11400 --- [           main] w.s.c.ServletWebServerApplicationContext : Root WebApplicationContext: initialization completed in 1510 ms
2025-03-30 20:35:40.699  INFO 11400 --- [           main] o.s.b.w.embedded.tomcat.TomcatWebServer  : Tomcat started on port(s): 4122 (http) with context path ''
2025-03-30 20:35:40.715  INFO 11400 --- [           main] o.l.ossmanager.OssManagerApplication     : Started OssManagerApplication in 3.19 seconds (JVM running for 4.473)


     ****     ****           **           ****     **           **             ********        ********       ******* 
    /**/**   **/**          ****         /**/**   /**          ****           **//////**      /**/////       /**////**
    /**//** ** /**         **//**        /**//**  /**         **//**         **      //       /**            /**   /** 
    /** //***  /**        **  //**       /** //** /**        **  //**       /**               /*******       /*******  
    /**  //*   /**       **********      /**  //**/**       **********      /**    *****      /**////        /**///**  
    /**   /    /**      /**//////**      /**   //****      /**//////**      //**  ////**      /**            /**  //** 
    /**        /**      /**     /**      /**    //***      /**     /**       //********       /********      /**   //**
    //         //       //      //       //      ///       //      //         ////////        ////////       //     // 

         :: Oss Manager ::             lazy fox                (v1.3.0)

2025-03-31 19:35:30.478  INFO 8308 --- [           main] o.l.ossmanager.OssManagerApplication     : Starting OssManagerApplication using Java 21.0.2 on lazyfox-2465594872 with PID 8308 (D:\lazyfox-manager-1.1.4\boot\oss-manager-1.3.0.jar started by LAZYFOX-2465594$ in D:\lazyfox-manager-1.1.4\bin)
2025-03-31 19:35:30.496  INFO 8308 --- [           main] o.l.ossmanager.OssManagerApplication     : No active profile set, falling back to 1 default profile: "default"
2025-03-31 19:35:32.533  INFO 8308 --- [           main] o.s.b.w.embedded.tomcat.TomcatWebServer  : Tomcat initialized with port(s): 4122 (http)
2025-03-31 19:35:32.569  INFO 8308 --- [           main] o.apache.catalina.core.StandardService   : Starting service [Tomcat]
2025-03-31 19:35:32.569  INFO 8308 --- [           main] org.apache.catalina.core.StandardEngine  : Starting Servlet engine: [Apache Tomcat/9.0.68]
2025-03-31 19:35:32.800  INFO 8308 --- [           main] o.a.c.c.C.[Tomcat].[localhost].[/]       : Initializing Spring embedded WebApplicationContext
2025-03-31 19:35:32.800  INFO 8308 --- [           main] w.s.c.ServletWebServerApplicationContext : Root WebApplicationContext: initialization completed in 2237 ms
2025-03-31 19:35:33.743  INFO 8308 --- [           main] o.s.b.w.embedded.tomcat.TomcatWebServer  : Tomcat started on port(s): 4122 (http) with context path ''
2025-03-31 19:35:33.751  INFO 8308 --- [           main] o.l.ossmanager.OssManagerApplication     : Started OssManagerApplication in 4.254 seconds (JVM running for 5.027)
