

     ****     ****           **           ****     **           **             ********        ********       ******* 
    /**/**   **/**          ****         /**/**   /**          ****           **//////**      /**/////       /**////**
    /**//** ** /**         **//**        /**//**  /**         **//**         **      //       /**            /**   /** 
    /** //***  /**        **  //**       /** //** /**        **  //**       /**               /*******       /*******  
    /**  //*   /**       **********      /**  //**/**       **********      /**    *****      /**////        /**///**  
    /**   /    /**      /**//////**      /**   //****      /**//////**      //**  ////**      /**            /**  //** 
    /**        /**      /**     /**      /**    //***      /**     /**       //********       /********      /**   //**
    //         //       //      //       //      ///       //      //         ////////        ////////       //     // 

         :: Oss Manager ::             lazy fox                (v1.3.0)

2025-04-01 21:10:01.488  INFO 8352 --- [           main] o.l.ossmanager.OssManagerApplication     : Starting OssManagerApplication using Java 21.0.2 on lazyfox-2465594872 with PID 8352 (D:\lazyfox-manager-1.1.4\boot\oss-manager-1.3.0.jar started by LAZYFOX-2465594$ in D:\lazyfox-manager-1.1.4\bin)
2025-04-01 21:10:01.516  INFO 8352 --- [           main] o.l.ossmanager.OssManagerApplication     : No active profile set, falling back to 1 default profile: "default"
2025-04-01 21:10:03.747  INFO 8352 --- [           main] o.s.b.w.embedded.tomcat.TomcatWebServer  : Tomcat initialized with port(s): 4122 (http)
2025-04-01 21:10:03.779  INFO 8352 --- [           main] o.apache.catalina.core.StandardService   : Starting service [Tomcat]
2025-04-01 21:10:03.779  INFO 8352 --- [           main] org.apache.catalina.core.StandardEngine  : Starting Servlet engine: [Apache Tomcat/9.0.68]
2025-04-01 21:10:03.935  INFO 8352 --- [           main] o.a.c.c.C.[Tomcat].[localhost].[/]       : Initializing Spring embedded WebApplicationContext
2025-04-01 21:10:03.935  INFO 8352 --- [           main] w.s.c.ServletWebServerApplicationContext : Root WebApplicationContext: initialization completed in 2312 ms
2025-04-01 21:10:04.736  INFO 8352 --- [           main] o.s.b.w.embedded.tomcat.TomcatWebServer  : Tomcat started on port(s): 4122 (http) with context path ''
2025-04-01 21:10:04.751  INFO 8352 --- [           main] o.l.ossmanager.OssManagerApplication     : Started OssManagerApplication in 4.185 seconds (JVM running for 4.784)


     ****     ****           **           ****     **           **             ********        ********       ******* 
    /**/**   **/**          ****         /**/**   /**          ****           **//////**      /**/////       /**////**
    /**//** ** /**         **//**        /**//**  /**         **//**         **      //       /**            /**   /** 
    /** //***  /**        **  //**       /** //** /**        **  //**       /**               /*******       /*******  
